This is pdfTeX, Version 3.141592653-2.6-1.40.27 (TeX Live 2025) (preloaded format=pdflatex 2025.4.7)  14 AUG 2026 10:44
entering extended mode
 restricted \write18 enabled.
 %&-line parsing enabled.
**\input{latex/individual/&$384 = 2^7 times 3$ et $126 = 2 times 3^2 times 7$ e
t $132 = 2^2 times 3 times 11$&PGDC(384,126,132) = 6& PPMC(384,126,132) = 21504
\}

*X

*X

*X

*
! Interruption.
<*> 
    
? X
 
Here is how much of TeX's memory you used:
 12 strings out of 473190
 360 string characters out of 5715801
 391984 words of memory out of 5000000
 23367 multiletter control sequences out of 15000+600000
 558837 words of font info for 36 fonts, out of 8000000 for 9000
 1141 hyphenation exceptions out of 8191
 11i,0n,13p,189b,8s stack positions out of 10000i,1000n,20000p,200000b,200000s
No pages of output.
PDF statistics:
 0 PDF objects out of 1000 (max. 8388607)
 0 named destinations out of 1000 (max. 500000)
 1 words of extra memory for PDF output out of 10000 (max. 10000000)

